
?????????????????????????????????????????????????????????????????????????????????????????????
??? OpenNext ??? Cloudflare build ???
?????????????????????????????????????????????????????????????????????????????????????????????

WARN OpenNext is not fully compatible with Windows.
WARN For optimal performance, it is recommended to use Windows Subsystem for Linux (WSL).
WARN While OpenNext may function on Windows, it could encounter unpredictable failures during runtime.
App directory: C:\ANTIGRAVITY\LISTINGBOOTH
Next.js version : 16.2.1
@opennextjs/cloudflare version: 1.18.0
@opennextjs/aws version: 3.9.16

?????????????????????????????????????????????????????????????????????????????????????????????????????????
??? OpenNext ??? Building Next.js app ???
?????????????????????????????????????????????????????????????????????????????????????????????????????????


> listingbooth-fresh@0.1.0 build
> next build

??? `eslint` configuration in next.config.mjs is no longer supported. See more info here: https://nextjs.org/docs/app/api-reference/cli/next#next-lint-options
??? Invalid next.config.mjs options detected: 
???     Unrecognized key(s) in object: 'eslint'
??? See more info here: https://nextjs.org/docs/messages/invalid-next-config
??? Next.js 16.2.1 (Turbopack)
- Environments: .env.local

??? The "middleware" file convention is deprecated. Please use "proxy" instead. Learn more: https://nextjs.org/docs/messages/middleware-to-proxy
  Creating an optimized production build ...
??? Compiled successfully in 10.8s
  Skipping validation of types
  Finished TypeScript config validation in 151ms ...
  Collecting page data using 11 workers ...
??? Using edge runtime on a page currently disables static generation for that page
  Generating static pages using 11 workers (0/17) ...
  Generating static pages using 11 workers (4/17) 
  Generating static pages using 11 workers (8/17) 
  Generating static pages using 11 workers (12/17) 
??? Generating static pages using 11 workers (17/17) in 900ms
  Finalizing page optimization ...
unhandledRejection Error: EBUSY: resource busy or locked, copyfile 'C:\ANTIGRAVITY\LISTINGBOOTH\.next\server\edge\chunks\ssr\node_modules_13x5wl8._.js' -> 'C:\ANTIGRAVITY\LISTINGBOOTH\.next\standalone\.next\server\edge\chunks\ssr\node_modules_13x5wl8._.js'
    at ignore-listed frames {
  errno: -4082,
  code: 'EBUSY',
  syscall: 'copyfile',
  path: 'C:\\ANTIGRAVITY\\LISTINGBOOTH\\.next\\server\\edge\\chunks\\ssr\\node_modules_13x5wl8._.js',
  dest: 'C:\\ANTIGRAVITY\\LISTINGBOOTH\\.next\\standalone\\.next\\server\\edge\\chunks\\ssr\\node_modules_13x5wl8._.js'
}
node:internal/errors:984
  const err = new Error(message);
              ^
System.Management.Automation.RemoteException
Error: Command failed: npm run build
    at genericNodeError (node:internal/errors:984:15)
    at wrappedFn (node:internal/errors:538:14)
    at checkExecSyncError (node:child_process:891:11)
    at Object.execSync (node:child_process:963:15)
    at buildNextjsApp (file:///C:/ANTIGRAVITY/LISTINGBOOTH/node_modules/@opennextjs/aws/dist/build/buildNextApp.js:15:8)
    at build (file:///C:/ANTIGRAVITY/LISTINGBOOTH/node_modules/@opennextjs/cloudflare/dist/cli/build/build.js:50:9)
    at async buildCommand (file:///C:/ANTIGRAVITY/LISTINGBOOTH/node_modules/@opennextjs/cloudflare/dist/cli/commands/build.js:33:5) {
  status: 1,
  signal: null,
  output: [ null, null, null ],
  pid: 41820,
  stdout: null,
  stderr: null
}
System.Management.Automation.RemoteException
Node.js v20.18.2
